// Jest Snapshot v1, https://goo.gl/fbAQLP

exports[`initialize a new oHandler config should be default if not given 1`] = `
Object {
  "batch": Object {
    "boundaryPrefix": "batch_",
    "changsetBoundaryPrefix": "changset_",
    "endpoint": "$batch",
    "headers": Headers {
      "map": Object {
        "content-type": "multipart/mixed",
      },
    },
    "useChangset": false,
    "useRelativeURLs": false,
  },
  "credentials": "omit",
  "fragment": "value",
  "headers": Headers {
    "map": Object {
      "content-type": "application/json",
    },
  },
  "mode": "cors",
  "onError": [Function],
  "onFinish": [Function],
  "onStart": [Function],
  "redirect": "follow",
  "referrer": "client",
  "rootUrl": "http://localhost/foo",
}
`;
